hp@DESKTOP-IFBSEA7 MINGW64 ~
$ pwd
/c/Users/hp

hp@DESKTOP-IFBSEA7 MINGW64 ~
$ ls
'3D Objects'/
 AppData/
'Application Data'@
 Contacts/
 Cookies@
 Desktop/
 Documents/
 Downloads/
 Favorites/
 Links/
'Local Settings'@
 Music/
'My Documents'@
 NTUSER.DAT
 NTUSER.DAT{53b39e88-18c4-11ea-a811-000d3aa4692b}.TM.blf
 NTUSER.DAT{53b39e88-18c4-11ea-a811-000d3aa4692b}.TMContainer00000000000000000001.regtrans-ms
 NTUSER.DAT{53b39e88-18c4-11ea-a811-000d3aa4692b}.TMContainer00000000000000000002.regtrans-ms
 NetHood@
 OneDrive/
 Pictures/
 PrintHood@
 Recent@
'Saved Games'/
 Searches/
 SendTo@
'Start Menu'@
 Templates@
 Videos/
 ntuser.dat.LOG1
 ntuser.dat.LOG2
 ntuser.ini

hp@DESKTOP-IFBSEA7 MINGW64 ~
$ cd Desktop/

hp@DESKTOP-IFBSEA7 MINGW64 ~/Desktop
$ mkdir Projects/

hp@DESKTOP-IFBSEA7 MINGW64 ~/Desktop
$ git clone https://github.com/whitehatjr/AngryBirdsStage2.5StudentActivity.git
Cloning into 'AngryBirdsStage2.5StudentActivity'...
remote: Enumerating objects: 44, done.
remote: Total 44 (delta 0), reused 0 (delta 0), pack-reused 44
Receiving objects: 100% (44/44), 2.54 MiB | 730.00 KiB/s, done.
Resolving deltas: 100% (13/13), done.

hp@DESKTOP-IFBSEA7 MINGW64 ~/Desktop
$ ls
 AngryBirdsStage2.5StudentActivity/  'GitHub Desktop.lnk'*  'Google Chrome.lnk'*   Projects/   UltraISO.lnk*  'Visual Studio Code.lnk'*   desktop.ini

hp@DESKTOP-IFBSEA7 MINGW64 ~/Desktop
$ cd angryBirdStage2/
bash: cd: angryBirdStage2/: No such file or directory

hp@DESKTOP-IFBSEA7 MINGW64 ~/Desktop
$ cd  AngryBirdsStage2.5StudentActivity/

hp@DESKTOP-IFBSEA7 MINGW64 ~/Desktop/AngryBirdsStage2.5StudentActivity (master)
$ git status
On branch master
Your branch is up to date with 'origin/master'.

Changes not staged for commit:
  (use "git add <file>..." to update what will be committed)
  (use "git restore <file>..." to discard changes in working directory)
        modified:   sketch.js

no changes added to commit (use "git add" and/or "git commit -a")

hp@DESKTOP-IFBSEA7 MINGW64 ~/Desktop/AngryBirdsStage2.5StudentActivity (master)
$ git add sketch.js

hp@DESKTOP-IFBSEA7 MINGW64 ~/Desktop/AngryBirdsStage2.5StudentActivity (master)
$ git commit -m "add platform"
Author identity unknown

*** Please tell me who you are.

Run

  git config --global user.email "you@example.com"
  git config --global user.name "Your Name"

to set your account's default identity.
Omit --global to set the identity only in this repository.

fatal: unable to auto-detect email address (got 'hp@DESKTOP-IFBSEA7.(none)')

hp@DESKTOP-IFBSEA7 MINGW64 ~/Desktop/AngryBirdsStage2.5StudentActivity (master)
$ git commit-m "add platform"
git: 'commit-m' is not a git command. See 'git --help'.

The most similar command is
        commit-tree

hp@DESKTOP-IFBSEA7 MINGW64 ~/Desktop/AngryBirdsStage2.5StudentActivity (master)
$
